// Jest Snapshot v1, https://goo.gl/fbAQLP

exports[`<App /> component should render without crashing 1`] = `
<div
  class="app"
>
  <h1>
    Giphy Search
  </h1>
  <div
    class="app__search"
  >
    <input
      placeholder="Enter search term..."
      type="text"
      value=""
    />
    <button>
      Search
    </button>
  </div>
  <div
    class="app__results-container"
  >
    
  </div>
</div>
`;
